Archive member included to satisfy reference by file (symbol)

c:/st/stm32cubeide_1.10.1/stm32cubeide/plugins/com.st.stm32cube.ide.mcu.externaltools.gnu-tools-for-stm32.10.3-2021.10.win32_1.0.0.202111181127/tools/bin/../lib/gcc/arm-none-eabi/10.3.1/../../../../arm-none-eabi/lib/thumb/v7e-m+fp/hard\libc_nano.a(lib_a-errno.o)
                              ./Core/Src/syscalls.o (__errno)
c:/st/stm32cubeide_1.10.1/stm32cubeide/plugins/com.st.stm32cube.ide.mcu.externaltools.gnu-tools-for-stm32.10.3-2021.10.win32_1.0.0.202111181127/tools/bin/../lib/gcc/arm-none-eabi/10.3.1/../../../../arm-none-eabi/lib/thumb/v7e-m+fp/hard\libc_nano.a(lib_a-exit.o)
                              c:/st/stm32cubeide_1.10.1/stm32cubeide/plugins/com.st.stm32cube.ide.mcu.externaltools.gnu-tools-for-stm32.10.3-2021.10.win32_1.0.0.202111181127/tools/bin/../lib/gcc/arm-none-eabi/10.3.1/../../../../arm-none-eabi/lib/thumb/v7e-m+fp/hard/crt0.o (exit)
c:/st/stm32cubeide_1.10.1/stm32cubeide/plugins/com.st.stm32cube.ide.mcu.externaltools.gnu-tools-for-stm32.10.3-2021.10.win32_1.0.0.202111181127/tools/bin/../lib/gcc/arm-none-eabi/10.3.1/../../../../arm-none-eabi/lib/thumb/v7e-m+fp/hard\libc_nano.a(lib_a-impure.o)
                              c:/st/stm32cubeide_1.10.1/stm32cubeide/plugins/com.st.stm32cube.ide.mcu.externaltools.gnu-tools-for-stm32.10.3-2021.10.win32_1.0.0.202111181127/tools/bin/../lib/gcc/arm-none-eabi/10.3.1/../../../../arm-none-eabi/lib/thumb/v7e-m+fp/hard\libc_nano.a(lib_a-exit.o) (_global_impure_ptr)
c:/st/stm32cubeide_1.10.1/stm32cubeide/plugins/com.st.stm32cube.ide.mcu.externaltools.gnu-tools-for-stm32.10.3-2021.10.win32_1.0.0.202111181127/tools/bin/../lib/gcc/arm-none-eabi/10.3.1/../../../../arm-none-eabi/lib/thumb/v7e-m+fp/hard\libc_nano.a(lib_a-init.o)
                              c:/st/stm32cubeide_1.10.1/stm32cubeide/plugins/com.st.stm32cube.ide.mcu.externaltools.gnu-tools-for-stm32.10.3-2021.10.win32_1.0.0.202111181127/tools/bin/../lib/gcc/arm-none-eabi/10.3.1/../../../../arm-none-eabi/lib/thumb/v7e-m+fp/hard/crt0.o (__libc_init_array)
c:/st/stm32cubeide_1.10.1/stm32cubeide/plugins/com.st.stm32cube.ide.mcu.externaltools.gnu-tools-for-stm32.10.3-2021.10.win32_1.0.0.202111181127/tools/bin/../lib/gcc/arm-none-eabi/10.3.1/../../../../arm-none-eabi/lib/thumb/v7e-m+fp/hard\libc_nano.a(lib_a-memset.o)
                              c:/st/stm32cubeide_1.10.1/stm32cubeide/plugins/com.st.stm32cube.ide.mcu.externaltools.gnu-tools-for-stm32.10.3-2021.10.win32_1.0.0.202111181127/tools/bin/../lib/gcc/arm-none-eabi/10.3.1/../../../../arm-none-eabi/lib/thumb/v7e-m+fp/hard/crt0.o (memset)
c:/st/stm32cubeide_1.10.1/stm32cubeide/plugins/com.st.stm32cube.ide.mcu.externaltools.gnu-tools-for-stm32.10.3-2021.10.win32_1.0.0.202111181127/tools/bin/../lib/gcc/arm-none-eabi/10.3.1/../../../../arm-none-eabi/lib/thumb/v7e-m+fp/hard\libc_nano.a(lib_a-sprintf.o)
                              ./Core/Src/main.o (sprintf)
c:/st/stm32cubeide_1.10.1/stm32cubeide/plugins/com.st.stm32cube.ide.mcu.externaltools.gnu-tools-for-stm32.10.3-2021.10.win32_1.0.0.202111181127/tools/bin/../lib/gcc/arm-none-eabi/10.3.1/../../../../arm-none-eabi/lib/thumb/v7e-m+fp/hard\libc_nano.a(lib_a-strlen.o)
                              ./Core/Src/fonts.o (strlen)
c:/st/stm32cubeide_1.10.1/stm32cubeide/plugins/com.st.stm32cube.ide.mcu.externaltools.gnu-tools-for-stm32.10.3-2021.10.win32_1.0.0.202111181127/tools/bin/../lib/gcc/arm-none-eabi/10.3.1/../../../../arm-none-eabi/lib/thumb/v7e-m+fp/hard\libc_nano.a(lib_a-nano-svfprintf.o)
                              c:/st/stm32cubeide_1.10.1/stm32cubeide/plugins/com.st.stm32cube.ide.mcu.externaltools.gnu-tools-for-stm32.10.3-2021.10.win32_1.0.0.202111181127/tools/bin/../lib/gcc/arm-none-eabi/10.3.1/../../../../arm-none-eabi/lib/thumb/v7e-m+fp/hard\libc_nano.a(lib_a-sprintf.o) (_svfprintf_r)
c:/st/stm32cubeide_1.10.1/stm32cubeide/plugins/com.st.stm32cube.ide.mcu.externaltools.gnu-tools-for-stm32.10.3-2021.10.win32_1.0.0.202111181127/tools/bin/../lib/gcc/arm-none-eabi/10.3.1/../../../../arm-none-eabi/lib/thumb/v7e-m+fp/hard\libc_nano.a(lib_a-nano-vfprintf_i.o)
                              c:/st/stm32cubeide_1.10.1/stm32cubeide/plugins/com.st.stm32cube.ide.mcu.externaltools.gnu-tools-for-stm32.10.3-2021.10.win32_1.0.0.202111181127/tools/bin/../lib/gcc/arm-none-eabi/10.3.1/../../../../arm-none-eabi/lib/thumb/v7e-m+fp/hard\libc_nano.a(lib_a-nano-svfprintf.o) (_printf_i)
c:/st/stm32cubeide_1.10.1/stm32cubeide/plugins/com.st.stm32cube.ide.mcu.externaltools.gnu-tools-for-stm32.10.3-2021.10.win32_1.0.0.202111181127/tools/bin/../lib/gcc/arm-none-eabi/10.3.1/../../../../arm-none-eabi/lib/thumb/v7e-m+fp/hard\libc_nano.a(lib_a-memchr.o)
                              c:/st/stm32cubeide_1.10.1/stm32cubeide/plugins/com.st.stm32cube.ide.mcu.externaltools.gnu-tools-for-stm32.10.3-2021.10.win32_1.0.0.202111181127/tools/bin/../lib/gcc/arm-none-eabi/10.3.1/../../../../arm-none-eabi/lib/thumb/v7e-m+fp/hard\libc_nano.a(lib_a-nano-svfprintf.o) (memchr)
[...]
Memory Configuration

Name             Origin             Length             Attributes
RAM              0x0000000020000000 0x0000000000018000 xrw
RAM2             0x0000000010000000 0x0000000000008000 xrw
FLASH            0x0000000008000000 0x0000000000100000 xr
*default*        0x0000000000000000 0xffffffffffffffff

Linker script and memory map

LOAD c:/st/stm32cubeide_1.10.1/stm32cubeide/plugins/com.st.stm32cube.ide.mcu.externaltools.gnu-tools-for-stm32.10.3-2021.10.win32_1.0.0.202111181127/tools/bin/../lib/gcc/arm-none-eabi/10.3.1/thumb/v7e-m+fp/hard/crti.o
LOAD c:/st/stm32cubeide_1.10.1/stm32cubeide/plugins/com.st.stm32cube.ide.mcu.externaltools.gnu-tools-for-stm32.10.3-2021.10.win32_1.0.0.202111181127/tools/bin/../lib/gcc/arm-none-eabi/10.3.1/thumb/v7e-m+fp/hard/crtbegin.o
LOAD c:/st/stm32cubeide_1.10.1/stm32cubeide/plugins/com.st.stm32cube.ide.mcu.externaltools.gnu-tools-for-stm32.10.3-2021.10.win32_1.0.0.202111181127/tools/bin/../lib/gcc/arm-none-eabi/10.3.1/../../../../arm-none-eabi/lib/thumb/v7e-m+fp/hard/crt0.o
LOAD ./Core/Src/fonts.o
LOAD ./Core/Src/main.o
LOAD ./Core/Src/ssd1306.o
LOAD ./Core/Src/stm32l4xx_hal_msp.o
LOAD ./Core/Src/stm32l4xx_it.o
LOAD ./Core/Src/syscalls.o
LOAD ./Core/Src/sysmem.o
LOAD ./Core/Src/system_stm32l4xx.o
LOAD ./Core/Src/test.o
LOAD ./Core/Startup/startup_stm32l476vgtx.o
LOAD ./Drivers/STM32L4xx_HAL_Driver/Src/stm32l4xx_hal.o
LOAD ./Drivers/STM32L4xx_HAL_Driver/Src/stm32l4xx_hal_cortex.o
LOAD ./Drivers/STM32L4xx_HAL_Driver/Src/stm32l4xx_hal_dma.o
LOAD ./Drivers/STM32L4xx_HAL_Driver/Src/stm32l4xx_hal_dma_ex.o
LOAD ./Drivers/STM32L4xx_HAL_Driver/Src/stm32l4xx_hal_exti.o
LOAD ./Drivers/STM32L4xx_HAL_Driver/Src/stm32l4xx_hal_flash.o
LOAD ./Drivers/STM32L4xx_HAL_Driver/Src/stm32l4xx_hal_flash_ex.o
LOAD ./Drivers/STM32L4xx_HAL_Driver/Src/stm32l4xx_hal_flash_ramfunc.o
LOAD ./Drivers/STM32L4xx_HAL_Driver/Src/stm32l4xx_hal_gpio.o
LOAD ./Drivers/STM32L4xx_HAL_Driver/Src/stm32l4xx_hal_i2c.o
LOAD ./Drivers/STM32L4xx_HAL_Driver/Src/stm32l4xx_hal_i2c_ex.o
LOAD ./Drivers/STM32L4xx_HAL_Driver/Src/stm32l4xx_hal_pwr.o
LOAD ./Drivers/STM32L4xx_HAL_Driver/Src/stm32l4xx_hal_pwr_ex.o
LOAD ./Drivers/STM32L4xx_HAL_Driver/Src/stm32l4xx_hal_rcc.o
LOAD ./Drivers/STM32L4xx_HAL_Driver/Src/stm32l4xx_hal_rcc_ex.o
LOAD ./Drivers/STM32L4xx_HAL_Driver/Src/stm32l4xx_hal_rtc.o
LOAD ./Drivers/STM32L4xx_HAL_Driver/Src/stm32l4xx_hal_rtc_ex.o
START GROUP
LOAD c:/st/stm32cubeide_1.10.1/stm32cubeide/plugins/com.st.stm32cube.ide.mcu.externaltools.gnu-tools-for-stm32.10.3-2021.10.win32_1.0.0.202111181127/tools/bin/../lib/gcc/arm-none-eabi/10.3.1/../../../../arm-none-eabi/lib/thumb/v7e-m+fp/hard\libc_nano.a
LOAD c:/st/stm32cubeide_1.10.1/stm32cubeide/plugins/com.st.stm32cube.ide.mcu.externaltools.gnu-tools-for-stm32.10.3-2021.10.win32_1.0.0.202111181127/tools/bin/../lib/gcc/arm-none-eabi/10.3.1/../../../../arm-none-eabi/lib/thumb/v7e-m+fp/hard\libm.a
END GROUP
START GROUP
LOAD c:/st/stm32cubeide_1.10.1/stm32cubeide/plugins/com.st.stm32cube.ide.mcu.externaltools.gnu-tools-for-stm32.10.3-2021.10.win32_1.0.0.202111181127/tools/bin/../lib/gcc/arm-none-eabi/10.3.1/thumb/v7e-m+fp/hard\libgcc.a
LOAD c:/st/stm32cubeide_1.10.1/stm32cubeide/plugins/com.st.stm32cube.ide.mcu.externaltools.gnu-tools-for-stm32.10.3-2021.10.win32_1.0.0.202111181127/tools/bin/../lib/gcc/arm-none-eabi/10.3.1/../../../../arm-none-eabi/lib/thumb/v7e-m+fp/hard\libc_nano.a
END GROUP
START GROUP
LOAD c:/st/stm32cubeide_1.10.1/stm32cubeide/plugins/com.st.stm32cube.ide.mcu.externaltools.gnu-tools-for-stm32.10.3-2021.10.win32_1.0.0.202111181127/tools/bin/../lib/gcc/arm-none-eabi/10.3.1/thumb/v7e-m+fp/hard\libgcc.a
LOAD c:/st/stm32cubeide_1.10.1/stm32cubeide/plugins/com.st.stm32cube.ide.mcu.externaltools.gnu-tools-for-stm32.10.3-2021.10.win32_1.0.0.202111181127/tools/bin/../lib/gcc/arm-none-eabi/10.3.1/../../../../arm-none-eabi/lib/thumb/v7e-m+fp/hard\libc_nano.a
LOAD c:/st/stm32cubeide_1.10.1/stm32cubeide/plugins/com.st.stm32cube.ide.mcu.externaltools.gnu-tools-for-stm32.10.3-2021.10.win32_1.0.0.202111181127/tools/bin/../lib/gcc/arm-none-eabi/10.3.1/../../../../arm-none-eabi/lib/thumb/v7e-m+fp/hard\libnosys.a
END GROUP
START GROUP
LOAD c:/st/stm32cubeide_1.10.1/stm32cubeide/plugins/com.st.stm32cube.ide.mcu.externaltools.gnu-tools-for-stm32.10.3-2021.10.win32_1.0.0.202111181127/tools/bin/../lib/gcc/arm-none-eabi/10.3.1/thumb/v7e-m+fp/hard\libgcc.a
LOAD c:/st/stm32cubeide_1.10.1/stm32cubeide/plugins/com.st.stm32cube.ide.mcu.externaltools.gnu-tools-for-stm32.10.3-2021.10.win32_1.0.0.202111181127/tools/bin/../lib/gcc/arm-none-eabi/10.3.1/../../../../arm-none-eabi/lib/thumb/v7e-m+fp/hard\libc_nano.a
LOAD c:/st/stm32cubeide_1.10.1/stm32cubeide/plugins/com.st.stm32cube.ide.mcu.externaltools.gnu-tools-for-stm32.10.3-2021.10.win32_1.0.0.202111181127/tools/bin/../lib/gcc/arm-none-eabi/10.3.1/../../../../arm-none-eabi/lib/thumb/v7e-m+fp/hard\libnosys.a
END GROUP
LOAD c:/st/stm32cubeide_1.10.1/stm32cubeide/plugins/com.st.stm32cube.ide.mcu.externaltools.gnu-tools-for-stm32.10.3-2021.10.win32_1.0.0.202111181127/tools/bin/../lib/gcc/arm-none-eabi/10.3.1/thumb/v7e-m+fp/hard/crtend.o
LOAD c:/st/stm32cubeide_1.10.1/stm32cubeide/plugins/com.st.stm32cube.ide.mcu.externaltools.gnu-tools-for-stm32.10.3-2021.10.win32_1.0.0.202111181127/tools/bin/../lib/gcc/arm-none-eabi/10.3.1/thumb/v7e-m+fp/hard/crtn.o
                0x0000000020018000                _estack = (ORIGIN (RAM) + LENGTH (RAM))
                0x0000000000000200                _Min_Heap_Size = 0x200
                0x0000000000000400                _Min_Stack_Size = 0x400

.isr_vector     0x0000000008000000      0x188
                0x0000000008000000                . = ALIGN (0x4)
 *(.isr_vector)
 .isr_vector    0x0000000008000000      0x188 ./Core/Startup/startup_stm32l476vgtx.o
                0x0000000008000000                g_pfnVectors
                0x0000000008000188                . = ALIGN (0x4)

.text           0x0000000008000188     0x3d54
                0x0000000008000188                . = ALIGN (0x4)
 *(.text)
 .text          0x0000000008000188       0x40 c:/st/stm32cubeide_1.10.1/stm32cubeide/plugins/com.st.stm32cube.ide.mcu.externaltools.gnu-tools-for-stm32.10.3-2021.10.win32_1.0.0.202111181127/tools/bin/../lib/gcc/arm-none-eabi/10.3.1/thumb/v7e-m+fp/hard/crtbegin.o
 *(.text*)
 .text.OLED_init
                0x00000000080001c8        0xe ./Core/Src/main.o
                0x00000000080001c8                OLED_init
 *fill*         0x00000000080001d6        0x2 
 .text.main     0x00000000080001d8      0x250 ./Core/Src/main.o
                0x00000000080001d8                main
 .text.SystemClock_Config
                0x0000000008000428       0xa6 ./Core/Src/main.o
                0x0000000008000428                SystemClock_Config
 *fill*         0x00000000080004ce        0x2 
 .text.MX_I2C1_Init
                0x00000000080004d0       0x80 ./Core/Src/main.o
 .text.MX_RTC_Init
                0x0000000008000550       0xe0 ./Core/Src/main.o
 .text.MX_GPIO_Init
                0x0000000008000630       0x48 ./Core/Src/main.o
 .text.Error_Handler
                0x0000000008000678        0xa ./Core/Src/main.o
                0x0000000008000678                Error_Handler
 .text.SSD1306_ScrollRight
                0x0000000008000682       0x6c ./Core/Src/ssd1306.o
                0x0000000008000682                SSD1306_ScrollRight
 .text.SSD1306_ScrollLeft
                0x00000000080006ee       0x6c ./Core/Src/ssd1306.o
                0x00000000080006ee                SSD1306_ScrollLeft
 .text.SSD1306_Scrolldiagright
                0x000000000800075a       0x80 ./Core/Src/ssd1306.o
                0x000000000800075a                SSD1306_Scrolldiagright
 .text.SSD1306_Scrolldiagleft
                0x00000000080007da       0x80 ./Core/Src/ssd1306.o
                0x00000000080007da                SSD1306_Scrolldiagleft
 .text.SSD1306_Stopscroll
                0x000000000800085a       0x12 ./Core/Src/ssd1306.o
                0x000000000800085a                SSD1306_Stopscroll
 .text.SSD1306_InvertDisplay
                0x000000000800086c       0x2c ./Core/Src/ssd1306.o
                0x000000000800086c                SSD1306_InvertDisplay
 .text.SSD1306_DrawBitmap
                0x0000000008000898       0xd0 ./Core/Src/ssd1306.o
                0x0000000008000898                SSD1306_DrawBitmap
 .text.SSD1306_Init
                0x0000000008000968      0x188 ./Core/Src/ssd1306.o
                0x0000000008000968                SSD1306_Init
 .text.SSD1306_UpdateScreen
                0x0000000008000af0       0x5c ./Core/Src/ssd1306.o
                0x0000000008000af0                SSD1306_UpdateScreen
 .text.SSD1306_Fill
                0x0000000008000b4c       0x30 ./Core/Src/ssd1306.o
                0x0000000008000b4c                SSD1306_Fill
 .text.SSD1306_DrawPixel
                0x0000000008000b7c       0xc0 ./Core/Src/ssd1306.o
                0x0000000008000b7c                SSD1306_DrawPixel
 .text.SSD1306_GotoXY
                0x0000000008000c3c       0x2c ./Core/Src/ssd1306.o
                0x0000000008000c3c                SSD1306_GotoXY
 .text.SSD1306_Putc
                0x0000000008000c68      0x100 ./Core/Src/ssd1306.o
                0x0000000008000c68                SSD1306_Putc
 .text.SSD1306_Puts
                0x0000000008000d68       0x4a ./Core/Src/ssd1306.o
                0x0000000008000d68                SSD1306_Puts
 .text.SSD1306_Clear
                0x0000000008000db2       0x12 ./Core/Src/ssd1306.o
                0x0000000008000db2                SSD1306_Clear
 .text.ssd1306_I2C_Init
                0x0000000008000dc4       0x2c ./Core/Src/ssd1306.o
                0x0000000008000dc4                ssd1306_I2C_Init
 .text.ssd1306_I2C_WriteMulti
                0x0000000008000df0       0xcc ./Core/Src/ssd1306.o
                0x0000000008000df0                ssd1306_I2C_WriteMulti
 .text.ssd1306_I2C_Write
                0x0000000008000ebc       0x3c ./Core/Src/ssd1306.o
                0x0000000008000ebc                ssd1306_I2C_Write
 .text.HAL_MspInit
                0x0000000008000ef8       0x48 ./Core/Src/stm32l4xx_hal_msp.o
                0x0000000008000ef8                HAL_MspInit
 .text.HAL_I2C_MspInit
                0x0000000008000f40       0xcc ./Core/Src/stm32l4xx_hal_msp.o
                0x0000000008000f40                HAL_I2C_MspInit
 .text.HAL_RTC_MspInit
                0x000000000800100c       0xbc ./Core/Src/stm32l4xx_hal_msp.o
                0x000000000800100c                HAL_RTC_MspInit
 .text.NMI_Handler
                0x00000000080010c8        0x6 ./Core/Src/stm32l4xx_it.o
                0x00000000080010c8                NMI_Handler
 .text.HardFault_Handler
                0x00000000080010ce        0x6 ./Core/Src/stm32l4xx_it.o
                0x00000000080010ce                HardFault_Handler
 .text.MemManage_Handler
                0x00000000080010d4        0x6 ./Core/Src/stm32l4xx_it.o
                0x00000000080010d4                MemManage_Handler
 .text.BusFault_Handler
                0x00000000080010da        0x6 ./Core/Src/stm32l4xx_it.o
                0x00000000080010da                BusFault_Handler
 .text.UsageFault_Handler
                0x00000000080010e0        0x6 ./Core/Src/stm32l4xx_it.o
                0x00000000080010e0                UsageFault_Handler
 .text.SVC_Handler
                0x00000000080010e6        0xe ./Core/Src/stm32l4xx_it.o
                0x00000000080010e6                SVC_Handler
 .text.DebugMon_Handler
                0x00000000080010f4        0xe ./Core/Src/stm32l4xx_it.o
                0x00000000080010f4                DebugMon_Handler
 .text.PendSV_Handler
                0x0000000008001102        0xe ./Core/Src/stm32l4xx_it.o
                0x0000000008001102                PendSV_Handler
 .text.SysTick_Handler
                0x0000000008001110        0xc ./Core/Src/stm32l4xx_it.o
                0x0000000008001110                SysTick_Handler
 .text.I2C1_EV_IRQHandler
                0x000000000800111c       0x14 ./Core/Src/stm32l4xx_it.o
                0x000000000800111c                I2C1_EV_IRQHandler
 .text.SystemInit
                0x0000000008001130       0x24 ./Core/Src/system_stm32l4xx.o
                0x0000000008001130                SystemInit
 .text.Reset_Handler
                0x0000000008001154       0x50 ./Core/Startup/startup_stm32l476vgtx.o
                0x0000000008001154                Reset_Handler
 .text.Default_Handler
                0x00000000080011a4        0x2 ./Core/Startup/startup_stm32l476vgtx.o
                0x00000000080011a4                RTC_Alarm_IRQHandler
                0x00000000080011a4                EXTI2_IRQHandler
                0x00000000080011a4                TIM8_TRG_COM_IRQHandler
                0x00000000080011a4                TIM8_CC_IRQHandler
                0x00000000080011a4                TIM1_CC_IRQHandler
                0x00000000080011a4                TSC_IRQHandler
                0x00000000080011a4                TAMP_STAMP_IRQHandler
                0x00000000080011a4                EXTI3_IRQHandler
                0x00000000080011a4                LPTIM2_IRQHandler
                0x00000000080011a4                DFSDM1_FLT1_IRQHandler
                0x00000000080011a4                I2C3_ER_IRQHandler
                0x00000000080011a4                DFSDM1_FLT2_IRQHandler
                0x00000000080011a4                EXTI0_IRQHandler
                0x00000000080011a4                I2C2_EV_IRQHandler
                0x00000000080011a4                CAN1_RX0_IRQHandler
                0x00000000080011a4                FPU_IRQHandler
                0x00000000080011a4                TIM1_UP_TIM16_IRQHandler
                0x00000000080011a4                ADC1_2_IRQHandler
                0x00000000080011a4                SPI1_IRQHandler
                0x00000000080011a4                TIM6_DAC_IRQHandler
                0x00000000080011a4                TIM8_UP_IRQHandler
                0x00000000080011a4                DMA2_Channel2_IRQHandler
                0x00000000080011a4                DMA1_Channel4_IRQHandler
                0x00000000080011a4                SAI2_IRQHandler
                0x00000000080011a4                DFSDM1_FLT3_IRQHandler
                0x00000000080011a4                USART3_IRQHandler
                0x00000000080011a4                DMA1_Channel7_IRQHandler
                0x00000000080011a4                CAN1_RX1_IRQHandler
                0x00000000080011a4                LCD_IRQHandler
                0x00000000080011a4                UART5_IRQHandler
                0x00000000080011a4                ADC3_IRQHandler
                0x00000000080011a4                TIM4_IRQHandler
                0x00000000080011a4                DMA2_Channel1_IRQHandler
                0x00000000080011a4                QUADSPI_IRQHandler
                0x00000000080011a4                DMA1_Channel6_IRQHandler
                0x00000000080011a4                UART4_IRQHandler
                0x00000000080011a4                DMA2_Channel4_IRQHandler
                0x00000000080011a4                TIM3_IRQHandler
                0x00000000080011a4                RCC_IRQHandler
                0x00000000080011a4                DMA1_Channel1_IRQHandler
                0x00000000080011a4                Default_Handler
                0x00000000080011a4                DMA2_Channel7_IRQHandler
                0x00000000080011a4                EXTI15_10_IRQHandler
                0x00000000080011a4                TIM7_IRQHandler
                0x00000000080011a4                SDMMC1_IRQHandler
                0x00000000080011a4                TIM5_IRQHandler
                0x00000000080011a4                I2C3_EV_IRQHandler
                0x00000000080011a4                EXTI9_5_IRQHandler
                0x00000000080011a4                RTC_WKUP_IRQHandler
                0x00000000080011a4                PVD_PVM_IRQHandler
                0x00000000080011a4                SPI2_IRQHandler
                0x00000000080011a4                CAN1_TX_IRQHandler
                0x00000000080011a4                DMA2_Channel5_IRQHandler
                0x00000000080011a4                DMA1_Channel5_IRQHandler
                0x00000000080011a4                EXTI4_IRQHandler
                0x00000000080011a4                RNG_IRQHandler
                0x00000000080011a4                TIM1_TRG_COM_TIM17_IRQHandler
                0x00000000080011a4                DMA1_Channel3_IRQHandler
                0x00000000080011a4                COMP_IRQHandler
                0x00000000080011a4                WWDG_IRQHandler
                0x00000000080011a4                LPUART1_IRQHandler
                0x00000000080011a4                DMA2_Channel6_IRQHandler
                0x00000000080011a4                TIM2_IRQHandler
                0x00000000080011a4                EXTI1_IRQHandler
                0x00000000080011a4                USART2_IRQHandler
                0x00000000080011a4                DFSDM1_FLT0_IRQHandler
                0x00000000080011a4                I2C2_ER_IRQHandler
                0x00000000080011a4                DMA1_Channel2_IRQHandler
                0x00000000080011a4                TIM8_BRK_IRQHandler
                0x00000000080011a4                CAN1_SCE_IRQHandler
                0x00000000080011a4                FLASH_IRQHandler
                0x00000000080011a4                USART1_IRQHandler
                0x00000000080011a4                OTG_FS_IRQHandler
                0x00000000080011a4                SPI3_IRQHandler
                0x00000000080011a4                I2C1_ER_IRQHandler
                0x00000000080011a4                FMC_IRQHandler
                0x00000000080011a4                SWPMI1_IRQHandler
                0x00000000080011a4                LPTIM1_IRQHandler
                0x00000000080011a4                SAI1_IRQHandler
                0x00000000080011a4                DMA2_Channel3_IRQHandler
                0x00000000080011a4                TIM1_BRK_TIM15_IRQHandler
 *fill*         0x00000000080011a6        0x2 
 .text.HAL_Init
                0x00000000080011a8       0x40 ./Drivers/STM32L4xx_HAL_Driver/Src/stm32l4xx_hal.o
                0x00000000080011a8                HAL_Init
 .text.HAL_InitTick
                0x00000000080011e8       0x78 ./Drivers/STM32L4xx_HAL_Driver/Src/stm32l4xx_hal.o
                0x00000000080011e8                HAL_InitTick
 .text.HAL_IncTick
                0x0000000008001260       0x28 ./Drivers/STM32L4xx_HAL_Driver/Src/stm32l4xx_hal.o
                0x0000000008001260                HAL_IncTick
 .text.HAL_GetTick
                0x0000000008001288       0x18 ./Drivers/STM32L4xx_HAL_Driver/Src/stm32l4xx_hal.o
                0x0000000008001288                HAL_GetTick
 .text.HAL_Delay
                0x00000000080012a0       0x48 ./Drivers/STM32L4xx_HAL_Driver/Src/stm32l4xx_hal.o
                0x00000000080012a0                HAL_Delay
 .text.__NVIC_SetPriorityGrouping
                0x00000000080012e8       0x48 ./Drivers/STM32L4xx_HAL_Driver/Src/stm32l4xx_hal_cortex.o
 .text.__NVIC_GetPriorityGrouping
                0x0000000008001330       0x1c ./Drivers/STM32L4xx_HAL_Driver/Src/stm32l4xx_hal_cortex.o
 .text.__NVIC_EnableIRQ
                0x000000000800134c       0x3c ./Drivers/STM32L4xx_HAL_Driver/Src/stm32l4xx_hal_cortex.o
 .text.__NVIC_SetPriority
                0x0000000008001388       0x54 ./Drivers/STM32L4xx_HAL_Driver/Src/stm32l4xx_hal_cortex.o
 .text.NVIC_EncodePriority
                0x00000000080013dc       0x66 ./Drivers/STM32L4xx_HAL_Driver/Src/stm32l4xx_hal_cortex.o
 *fill*         0x0000000008001442        0x2 
 .text.SysTick_Config
                0x0000000008001444       0x44 ./Drivers/STM32L4xx_HAL_Driver/Src/stm32l4xx_hal_cortex.o
 .text.HAL_NVIC_SetPriorityGrouping
                0x0000000008001488       0x16 ./Drivers/STM32L4xx_HAL_Driver/Src/stm32l4xx_hal_cortex.o
                0x0000000008001488                HAL_NVIC_SetPriorityGrouping
 .text.HAL_NVIC_SetPriority
                0x000000000800149e       0x38 ./Drivers/STM32L4xx_HAL_Driver/Src/stm32l4xx_hal_cortex.o
                0x000000000800149e                HAL_NVIC_SetPriority
 .text.HAL_NVIC_EnableIRQ
                0x00000000080014d6       0x1c ./Drivers/STM32L4xx_HAL_Driver/Src/stm32l4xx_hal_cortex.o
                0x00000000080014d6                HAL_NVIC_EnableIRQ
 .text.HAL_SYSTICK_Config
                0x00000000080014f2       0x18 ./Drivers/STM32L4xx_HAL_Driver/Src/stm32l4xx_hal_cortex.o
                0x00000000080014f2                HAL_SYSTICK_Config
 *fill*         0x000000000800150a        0x2 
 .text.HAL_GPIO_Init
                0x000000000800150c      0x354 ./Drivers/STM32L4xx_HAL_Driver/Src/stm32l4xx_hal_gpio.o
                0x000000000800150c                HAL_GPIO_Init
 .text.HAL_I2C_Init
                0x0000000008001860      0x11e ./Drivers/STM32L4xx_HAL_Driver/Src/stm32l4xx_hal_i2c.o
                0x0000000008001860                HAL_I2C_Init
 *fill*         0x000000000800197e        0x2 
 .text.HAL_I2C_Master_Transmit
                0x0000000008001980      0x1e8 ./Drivers/STM32L4xx_HAL_Driver/Src/stm32l4xx_hal_i2c.o
                0x0000000008001980                HAL_I2C_Master_Transmit
 .text.HAL_I2C_IsDeviceReady
                0x0000000008001b68      0x20e ./Drivers/STM32L4xx_HAL_Driver/Src/stm32l4xx_hal_i2c.o
                0x0000000008001b68                HAL_I2C_IsDeviceReady
 .text.HAL_I2C_EV_IRQHandler
                0x0000000008001d76       0x34 ./Drivers/STM32L4xx_HAL_Driver/Src/stm32l4xx_hal_i2c.o
                0x0000000008001d76                HAL_I2C_EV_IRQHandler
 .text.I2C_Flush_TXDR
                0x0000000008001daa       0x48 ./Drivers/STM32L4xx_HAL_Driver/Src/stm32l4xx_hal_i2c.o
 .text.I2C_WaitOnFlagUntilTimeout
                0x0000000008001df2       0x80 ./Drivers/STM32L4xx_HAL_Driver/Src/stm32l4xx_hal_i2c.o
 .text.I2C_WaitOnTXISFlagUntilTimeout
                0x0000000008001e72       0x80 ./Drivers/STM32L4xx_HAL_Driver/Src/stm32l4xx_hal_i2c.o
 .text.I2C_WaitOnSTOPFlagUntilTimeout
                0x0000000008001ef2       0x78 ./Drivers/STM32L4xx_HAL_Driver/Src/stm32l4xx_hal_i2c.o
 *fill*         0x0000000008001f6a        0x2 
 .text.I2C_IsErrorOccurred
                0x0000000008001f6c      0x1d8 ./Drivers/STM32L4xx_HAL_Driver/Src/stm32l4xx_hal_i2c.o
 .text.I2C_TransferConfig
                0x0000000008002144       0x64 ./Drivers/STM32L4xx_HAL_Driver/Src/stm32l4xx_hal_i2c.o
 .text.HAL_I2CEx_ConfigAnalogFilter
                0x00000000080021a8       0x96 ./Drivers/STM32L4xx_HAL_Driver/Src/stm32l4xx_hal_i2c_ex.o
                0x00000000080021a8                HAL_I2CEx_ConfigAnalogFilter
 .text.HAL_I2CEx_ConfigDigitalFilter
                0x000000000800223e       0x98 ./Drivers/STM32L4xx_HAL_Driver/Src/stm32l4xx_hal_i2c_ex.o
                0x000000000800223e                HAL_I2CEx_ConfigDigitalFilter
 *fill*         0x00000000080022d6        0x2 
 .text.HAL_PWREx_GetVoltageRange
                0x00000000080022d8       0x1c ./Drivers/STM32L4xx_HAL_Driver/Src/stm32l4xx_hal_pwr_ex.o
                0x00000000080022d8                HAL_PWREx_GetVoltageRange
 .text.HAL_PWREx_ControlVoltageScaling
                0x00000000080022f4       0xac ./Drivers/STM32L4xx_HAL_Driver/Src/stm32l4xx_hal_pwr_ex.o
                0x00000000080022f4                HAL_PWREx_ControlVoltageScaling
 .text.HAL_RCC_OscConfig
                0x00000000080023a0      0x7b8 ./Drivers/STM32L4xx_HAL_Driver/Src/stm32l4xx_hal_rcc.o
                0x00000000080023a0                HAL_RCC_OscConfig
 .text.HAL_RCC_ClockConfig
                0x0000000008002b58      0x200 ./Drivers/STM32L4xx_HAL_Driver/Src/stm32l4xx_hal_rcc.o
                0x0000000008002b58                HAL_RCC_ClockConfig
 .text.HAL_RCC_GetSysClockFreq
                0x0000000008002d58      0x118 ./Drivers/STM32L4xx_HAL_Driver/Src/stm32l4xx_hal_rcc.o
                0x0000000008002d58                HAL_RCC_GetSysClockFreq
 .text.RCC_SetFlashLatencyFromMSIRange
                0x0000000008002e70       0xc0 ./Drivers/STM32L4xx_HAL_Driver/Src/stm32l4xx_hal_rcc.o
 .text.HAL_RCCEx_PeriphCLKConfig
                0x0000000008002f30      0x5d4 ./Drivers/STM32L4xx_HAL_Driver/Src/stm32l4xx_hal_rcc_ex.o
                0x0000000008002f30                HAL_RCCEx_PeriphCLKConfig
 .text.RCCEx_PLLSAI1_Config
                0x0000000008003504      0x1e8 ./Drivers/STM32L4xx_HAL_Driver/Src/stm32l4xx_hal_rcc_ex.o
 .text.RCCEx_PLLSAI2_Config
                0x00000000080036ec      0x1bc ./Drivers/STM32L4xx_HAL_Driver/Src/stm32l4xx_hal_rcc_ex.o
 .text.HAL_RTC_Init
                0x00000000080038a8       0xf6 ./Drivers/STM32L4xx_HAL_Driver/Src/stm32l4xx_hal_rtc.o
                0x00000000080038a8                HAL_RTC_Init
 .text.HAL_RTC_SetTime
                0x000000000800399e      0x13a ./Drivers/STM32L4xx_HAL_Driver/Src/stm32l4xx_hal_rtc.o
                0x000000000800399e                HAL_RTC_SetTime
 .text.HAL_RTC_SetDate
                0x0000000008003ad8      0x10e ./Drivers/STM32L4xx_HAL_Driver/Src/stm32l4xx_hal_rtc.o
                0x0000000008003ad8                HAL_RTC_SetDate
 .text.HAL_RTC_WaitForSynchro
                0x0000000008003be6       0x4c ./Drivers/STM32L4xx_HAL_Driver/Src/stm32l4xx_hal_rtc.o
                0x0000000008003be6                HAL_RTC_WaitForSynchro
 .text.RTC_EnterInitMode
                0x0000000008003c32       0x66 ./Drivers/STM32L4xx_HAL_Driver/Src/stm32l4xx_hal_rtc.o
                0x0000000008003c32                RTC_EnterInitMode
 .text.RTC_ExitInitMode
                0x0000000008003c98       0x7c ./Drivers/STM32L4xx_HAL_Driver/Src/stm32l4xx_hal_rtc.o
                0x0000000008003c98                RTC_ExitInitMode
 .text.RTC_ByteToBcd2
                0x0000000008003d14       0x40 ./Drivers/STM32L4xx_HAL_Driver/Src/stm32l4xx_hal_rtc.o
                0x0000000008003d14                RTC_ByteToBcd2
 .text.HAL_RTCEx_SetTimeStamp
                0x0000000008003d54       0x90 ./Drivers/STM32L4xx_HAL_Driver/Src/stm32l4xx_hal_rtc_ex.o
                0x0000000008003d54                HAL_RTCEx_SetTimeStamp
 .text.HAL_RTCEx_SetRefClock
                0x0000000008003de4       0x88 ./Drivers/STM32L4xx_HAL_Driver/Src/stm32l4xx_hal_rtc_ex.o
                0x0000000008003de4                HAL_RTCEx_SetRefClock
 .text.__libc_init_array
                0x0000000008003e6c       0x48 c:/st/stm32cubeide_1.10.1/stm32cubeide/plugins/com.st.stm32cube.ide.mcu.externaltools.gnu-tools-for-stm32.10.3-2021.10.win32_1.0.0.202111181127/tools/bin/../lib/gcc/arm-none-eabi/10.3.1/../../../../arm-none-eabi/lib/thumb/v7e-m+fp/hard\libc_nano.a(lib_a-init.o)
                0x0000000008003e6c                __libc_init_array
 .text.memset   0x0000000008003eb4       0x10 c:/st/stm32cubeide_1.10.1/stm32cubeide/plugins/com.st.stm32cube.ide.mcu.externaltools.gnu-tools-for-stm32.10.3-2021.10.win32_1.0.0.202111181127/tools/bin/../lib/gcc/arm-none-eabi/10.3.1/../../../../arm-none-eabi/lib/thumb/v7e-m+fp/hard\libc_nano.a(lib_a-memset.o)
                0x0000000008003eb4                memset
 *(.glue_7)
 .glue_7        0x0000000008003ec4        0x0 linker stubs
 *(.glue_7t)
 .glue_7t       0x0000000008003ec4        0x0 linker stubs
 *(.eh_frame)
 .eh_frame      0x0000000008003ec4        0x0 c:/st/stm32cubeide_1.10.1/stm32cubeide/plugins/com.st.stm32cube.ide.mcu.externaltools.gnu-tools-for-stm32.10.3-2021.10.win32_1.0.0.202111181127/tools/bin/../lib/gcc/arm-none-eabi/10.3.1/thumb/v7e-m+fp/hard/crtbegin.o
 *(.init)
 .init          0x0000000008003ec4        0x4 c:/st/stm32cubeide_1.10.1/stm32cubeide/plugins/com.st.stm32cube.ide.mcu.externaltools.gnu-tools-for-stm32.10.3-2021.10.win32_1.0.0.202111181127/tools/bin/../lib/gcc/arm-none-eabi/10.3.1/thumb/v7e-m+fp/hard/crti.o
                0x0000000008003ec4                _init
 .init          0x0000000008003ec8        0x8 c:/st/stm32cubeide_1.10.1/stm32cubeide/plugins/com.st.stm32cube.ide.mcu.externaltools.gnu-tools-for-stm32.10.3-2021.10.win32_1.0.0.202111181127/tools/bin/../lib/gcc/arm-none-eabi/10.3.1/thumb/v7e-m+fp/hard/crtn.o
 *(.fini)
 .fini          0x0000000008003ed0        0x4 c:/st/stm32cubeide_1.10.1/stm32cubeide/plugins/com.st.stm32cube.ide.mcu.externaltools.gnu-tools-for-stm32.10.3-2021.10.win32_1.0.0.202111181127/tools/bin/../lib/gcc/arm-none-eabi/10.3.1/thumb/v7e-m+fp/hard/crti.o
                0x0000000008003ed0                _fini
 .fini          0x0000000008003ed4        0x8 c:/st/stm32cubeide_1.10.1/stm32cubeide/plugins/com.st.stm32cube.ide.mcu.externaltools.gnu-tools-for-stm32.10.3-2021.10.win32_1.0.0.202111181127/tools/bin/../lib/gcc/arm-none-eabi/10.3.1/thumb/v7e-m+fp/hard/crtn.o
                0x0000000008003edc                . = ALIGN (0x4)
                0x0000000008003edc                _etext = .

.vfp11_veneer   0x0000000008003edc        0x0
 .vfp11_veneer  0x0000000008003edc        0x0 linker stubs

.v4_bx          0x0000000008003edc        0x0
 .v4_bx         0x0000000008003edc        0x0 linker stubs

.iplt           0x0000000008003edc        0x0
 .iplt          0x0000000008003edc        0x0 c:/st/stm32cubeide_1.10.1/stm32cubeide/plugins/com.st.stm32cube.ide.mcu.externaltools.gnu-tools-for-stm32.10.3-2021.10.win32_1.0.0.202111181127/tools/bin/../lib/gcc/arm-none-eabi/10.3.1/thumb/v7e-m+fp/hard/crtbegin.o

.rodata         0x0000000008003edc     0x39dc
                0x0000000008003edc                . = ALIGN (0x4)
 *(.rodata)
 .rodata        0x0000000008003edc       0x3f ./Core/Src/main.o
 *(.rodata*)
 *fill*         0x0000000008003f1b        0x1 
 .rodata.Font11x18
                0x0000000008003f1c      0xd5c ./Core/Src/fonts.o
                0x0000000008003f1c                Font11x18
 .rodata.logo   0x0000000008004c78      0x400 ./Core/Src/main.o
                0x0000000008004c78                logo
 .rodata.horse1
                0x0000000008005078      0x400 ./Core/Src/main.o
                0x0000000008005078                horse1
 .rodata.horse2
                0x0000000008005478      0x400 ./Core/Src/main.o
                0x0000000008005478                horse2
 .rodata.horse3
                0x0000000008005878      0x400 ./Core/Src/main.o
                0x0000000008005878                horse3
 .rodata.horse4
                0x0000000008005c78      0x400 ./Core/Src/main.o
                0x0000000008005c78                horse4
 .rodata.horse5
                0x0000000008006078      0x400 ./Core/Src/main.o
                0x0000000008006078                horse5
 .rodata.horse6
                0x0000000008006478      0x400 ./Core/Src/main.o
                0x0000000008006478                horse6
 .rodata.horse7
                0x0000000008006878      0x400 ./Core/Src/main.o
                0x0000000008006878                horse7
 .rodata.horse8
                0x0000000008006c78      0x400 ./Core/Src/main.o
                0x0000000008006c78                horse8
 .rodata.horse9
                0x0000000008007078      0x400 ./Core/Src/main.o
                0x0000000008007078                horse9
 .rodata.horse10
                0x0000000008007478      0x400 ./Core/Src/main.o
                0x0000000008007478                horse10
 .rodata.AHBPrescTable
                0x0000000008007878       0x10 ./Core/Src/system_stm32l4xx.o
                0x0000000008007878                AHBPrescTable
 .rodata.MSIRangeTable
                0x0000000008007888       0x30 ./Core/Src/system_stm32l4xx.o
                0x0000000008007888                MSIRangeTable
                0x00000000080078b8                . = ALIGN (0x4)

.rel.dyn        0x00000000080078b8        0x0
 .rel.iplt      0x00000000080078b8        0x0 c:/st/stm32cubeide_1.10.1/stm32cubeide/plugins/com.st.stm32cube.ide.mcu.externaltools.gnu-tools-for-stm32.10.3-2021.10.win32_1.0.0.202111181127/tools/bin/../lib/gcc/arm-none-eabi/10.3.1/thumb/v7e-m+fp/hard/crtbegin.o

.ARM.extab      0x00000000080078b8        0x0
                0x00000000080078b8                . = ALIGN (0x4)
 *(.ARM.extab* .gnu.linkonce.armextab.*)
                0x00000000080078b8                . = ALIGN (0x4)

.ARM            0x00000000080078b8        0x0
                0x00000000080078b8                . = ALIGN (0x4)
                0x00000000080078b8                __exidx_start = .
 *(.ARM.exidx*)
                0x00000000080078b8                __exidx_end = .
                0x00000000080078b8                . = ALIGN (0x4)

.preinit_array  0x00000000080078b8        0x0
                0x00000000080078b8                . = ALIGN (0x4)
                0x00000000080078b8                PROVIDE (__preinit_array_start = .)
 *(.preinit_array*)
                0x00000000080078b8                PROVIDE (__preinit_array_end = .)
                0x00000000080078b8                . = ALIGN (0x4)

.init_array     0x00000000080078b8        0x4
                0x00000000080078b8                . = ALIGN (0x4)
                0x00000000080078b8                PROVIDE (__init_array_start = .)
 *(SORT_BY_NAME(.init_array.*))
 *(.init_array*)
 .init_array    0x00000000080078b8        0x4 c:/st/stm32cubeide_1.10.1/stm32cubeide/plugins/com.st.stm32cube.ide.mcu.externaltools.gnu-tools-for-stm32.10.3-2021.10.win32_1.0.0.202111181127/tools/bin/../lib/gcc/arm-none-eabi/10.3.1/thumb/v7e-m+fp/hard/crtbegin.o
                0x00000000080078bc                PROVIDE (__init_array_end = .)
                0x00000000080078bc                . = ALIGN (0x4)

.fini_array     0x00000000080078bc        0x4
                0x00000000080078bc                . = ALIGN (0x4)
                [!provide]                        PROVIDE (__fini_array_start = .)
 *(SORT_BY_NAME(.fini_array.*))
 *(.fini_array*)
 .fini_array    0x00000000080078bc        0x4 c:/st/stm32cubeide_1.10.1/stm32cubeide/plugins/com.st.stm32cube.ide.mcu.externaltools.gnu-tools-for-stm32.10.3-2021.10.win32_1.0.0.202111181127/tools/bin/../lib/gcc/arm-none-eabi/10.3.1/thumb/v7e-m+fp/hard/crtbegin.o
                [!provide]                        PROVIDE (__fini_array_end = .)
                0x00000000080078c0                . = ALIGN (0x4)
                0x00000000080078c0                _sidata = LOADADDR (.data)

.data           0x0000000020000000       0x14 load address 0x00000000080078c0
                0x0000000020000000                . = ALIGN (0x4)
                0x0000000020000000                _sdata = .
 *(.data)
 *(.data*)
 .data.Font_11x18
                0x0000000020000000        0x8 ./Core/Src/fonts.o
                0x0000000020000000                Font_11x18
 .data.SystemCoreClock
                0x0000000020000008        0x4 ./Core/Src/system_stm32l4xx.o
                0x0000000020000008                SystemCoreClock
 .data.uwTickPrio
                0x000000002000000c        0x4 ./Drivers/STM32L4xx_HAL_Driver/Src/stm32l4xx_hal.o
                0x000000002000000c                uwTickPrio
 .data.uwTickFreq
                0x0000000020000010        0x1 ./Drivers/STM32L4xx_HAL_Driver/Src/stm32l4xx_hal.o
                0x0000000020000010                uwTickFreq
 *(.RamFunc)
 *(.RamFunc*)
                0x0000000020000014                . = ALIGN (0x4)
 *fill*         0x0000000020000011        0x3 
                0x0000000020000014                _edata = .

.igot.plt       0x0000000020000014        0x0 load address 0x00000000080078d4
 .igot.plt      0x0000000020000014        0x0 c:/st/stm32cubeide_1.10.1/stm32cubeide/plugins/com.st.stm32cube.ide.mcu.externaltools.gnu-tools-for-stm32.10.3-2021.10.win32_1.0.0.202111181127/tools/bin/../lib/gcc/arm-none-eabi/10.3.1/thumb/v7e-m+fp/hard/crtbegin.o
                0x0000000020000014                . = ALIGN (0x4)

.bss            0x0000000020000014      0x4a0 load address 0x00000000080078d4
                0x0000000020000014                _sbss = .
                0x0000000020000014                __bss_start__ = _sbss
 *(.bss)
 .bss           0x0000000020000014       0x1c c:/st/stm32cubeide_1.10.1/stm32cubeide/plugins/com.st.stm32cube.ide.mcu.externaltools.gnu-tools-for-stm32.10.3-2021.10.win32_1.0.0.202111181127/tools/bin/../lib/gcc/arm-none-eabi/10.3.1/thumb/v7e-m+fp/hard/crtbegin.o
 *(.bss*)
 .bss.hi2c1     0x0000000020000030       0x54 ./Core/Src/main.o
                0x0000000020000030                hi2c1
 .bss.hrtc      0x0000000020000084       0x24 ./Core/Src/main.o
                0x0000000020000084                hrtc
 .bss.SSD1306_Buffer
                0x00000000200000a8      0x400 ./Core/Src/ssd1306.o
 .bss.SSD1306   0x00000000200004a8        0x6 ./Core/Src/ssd1306.o
 *fill*         0x00000000200004ae        0x2 
 .bss.uwTick    0x00000000200004b0        0x4 ./Drivers/STM32L4xx_HAL_Driver/Src/stm32l4xx_hal.o
                0x00000000200004b0                uwTick
 *(COMMON)
                0x00000000200004b4                . = ALIGN (0x4)
                0x00000000200004b4                _ebss = .
                0x00000000200004b4                __bss_end__ = _ebss

._user_heap_stack
                0x00000000200004b4      0x604 load address 0x00000000080078d4
                0x00000000200004b8                . = ALIGN (0x8)
 *fill*         0x00000000200004b4        0x4 
                [!provide]                        PROVIDE (end = .)
                0x00000000200004b8                PROVIDE (_end = .)
                0x00000000200006b8                . = (. + _Min_Heap_Size)
 *fill*         0x00000000200004b8      0x200 
                0x0000000020000ab8                . = (. + _Min_Stack_Size)
 *fill*         0x00000000200006b8      0x400 
                0x0000000020000ab8                . = ALIGN (0x8)

/DISCARD/
 libc.a(*)
 libm.a(*)
 libgcc.a(*)

.ARM.attributes
                0x0000000000000000       0x30
 *(.ARM.attributes)
 .ARM.attributes
                0x0000000000000000       0x1e c:/st/stm32cubeide_1.10.1/stm32cubeide/plugins/com.st.stm32cube.ide.mcu.externaltools.gnu-tools-for-stm32.10.3-2021.10.win32_1.0.0.202111181127/tools/bin/../lib/gcc/arm-none-eabi/10.3.1/thumb/v7e-m+fp/hard/crti.o
 .ARM.attributes
                0x000000000000001e       0x34 c:/st/stm32cubeide_1.10.1/stm32cubeide/plugins/com.st.stm32cube.ide.mcu.externaltools.gnu-tools-for-stm32.10.3-2021.10.win32_1.0.0.202111181127/tools/bin/../lib/gcc/arm-none-eabi/10.3.1/thumb/v7e-m+fp/hard/crtbegin.o
 .ARM.attributes
                0x0000000000000052       0x34 ./Core/Src/fonts.o
 .ARM.attributes
                0x0000000000000086       0x34 ./Core/Src/main.o
 .ARM.attributes
                0x00000000000000ba       0x34 ./Core/Src/ssd1306.o
 .ARM.attributes
                0x00000000000000ee       0x34 ./Core/Src/stm32l4xx_hal_msp.o
 .ARM.attributes
                0x0000000000000122       0x34 ./Core/Src/stm32l4xx_it.o
 .ARM.attributes
                0x0000000000000156       0x34 ./Core/Src/system_stm32l4xx.o
 .ARM.attributes
                0x000000000000018a       0x21 ./Core/Startup/startup_stm32l476vgtx.o
 .ARM.attributes
                0x00000000000001ab       0x34 ./Drivers/STM32L4xx_HAL_Driver/Src/stm32l4xx_hal.o
 .ARM.attributes
                0x00000000000001df       0x34 ./Drivers/STM32L4xx_HAL_Driver/Src/stm32l4xx_hal_cortex.o
 .ARM.attributes
                0x0000000000000213       0x34 ./Drivers/STM32L4xx_HAL_Driver/Src/stm32l4xx_hal_gpio.o
 .ARM.attributes
                0x0000000000000247       0x34 ./Drivers/STM32L4xx_HAL_Driver/Src/stm32l4xx_hal_i2c.o
 .ARM.attributes
                0x000000000000027b       0x34 ./Drivers/STM32L4xx_HAL_Driver/Src/stm32l4xx_hal_i2c_ex.o
 .ARM.attributes
                0x00000000000002af       0x34 ./Drivers/STM32L4xx_HAL_Driver/Src/stm32l4xx_hal_pwr_ex.o
 .ARM.attributes
                0x00000000000002e3       0x34 ./Drivers/STM32L4xx_HAL_Driver/Src/stm32l4xx_hal_rcc.o
 .ARM.attributes
                0x0000000000000317       0x34 ./Drivers/STM32L4xx_HAL_Driver/Src/stm32l4xx_hal_rcc_ex.o
 .ARM.attributes
                0x000000000000034b       0x34 ./Drivers/STM32L4xx_HAL_Driver/Src/stm32l4xx_hal_rtc.o
 .ARM.attributes
                0x000000000000037f       0x34 ./Drivers/STM32L4xx_HAL_Driver/Src/stm32l4xx_hal_rtc_ex.o
 .ARM.attributes
                0x00000000000003b3       0x34 c:/st/stm32cubeide_1.10.1/stm32cubeide/plugins/com.st.stm32cube.ide.mcu.externaltools.gnu-tools-for-stm32.10.3-2021.10.win32_1.0.0.202111181127/tools/bin/../lib/gcc/arm-none-eabi/10.3.1/../../../../arm-none-eabi/lib/thumb/v7e-m+fp/hard\libc_nano.a(lib_a-init.o)
 .ARM.attributes
                0x00000000000003e7       0x34 c:/st/stm32cubeide_1.10.1/stm32cubeide/plugins/com.st.stm32cube.ide.mcu.externaltools.gnu-tools-for-stm32.10.3-2021.10.win32_1.0.0.202111181127/tools/bin/../lib/gcc/arm-none-eabi/10.3.1/../../../../arm-none-eabi/lib/thumb/v7e-m+fp/hard\libc_nano.a(lib_a-memset.o)
 .ARM.attributes
                0x000000000000041b       0x1e c:/st/stm32cubeide_1.10.1/stm32cubeide/plugins/com.st.stm32cube.ide.mcu.externaltools.gnu-tools-for-stm32.10.3-2021.10.win32_1.0.0.202111181127/tools/bin/../lib/gcc/arm-none-eabi/10.3.1/thumb/v7e-m+fp/hard/crtn.o
OUTPUT(OLED_DIGI_CLOCK - Bitmap.elf elf32-littlearm)
LOAD linker stubs
LOAD c:/st/stm32cubeide_1.10.1/stm32cubeide/plugins/com.st.stm32cube.ide.mcu.externaltools.gnu-tools-for-stm32.10.3-2021.10.win32_1.0.0.202111181127/tools/bin/../lib/gcc/arm-none-eabi/10.3.1/../../../../arm-none-eabi/lib/thumb/v7e-m+fp/hard\libc.a
LOAD c:/st/stm32cubeide_1.10.1/stm32cubeide/plugins/com.st.stm32cube.ide.mcu.externaltools.gnu-tools-for-stm32.10.3-2021.10.win32_1.0.0.202111181127/tools/bin/../lib/gcc/arm-none-eabi/10.3.1/../../../../arm-none-eabi/lib/thumb/v7e-m+fp/hard\libm.a
LOAD c:/st/stm32cubeide_1.10.1/stm32cubeide/plugins/com.st.stm32cube.ide.mcu.externaltools.gnu-tools-for-stm32.10.3-2021.10.win32_1.0.0.202111181127/tools/bin/../lib/gcc/arm-none-eabi/10.3.1/thumb/v7e-m+fp/hard\libgcc.a

.debug_info     0x0000000000000000     0xde6f
 .debug_info    0x0000000000000000      0x27a ./Core/Src/fonts.o
 .debug_info    0x000000000000027a     0x158d ./Core/Src/main.o
 .debug_info    0x0000000000001807     0x116a ./Core/Src/ssd1306.o
 .debug_info    0x0000000000002971     0x13d6 ./Core/Src/stm32l4xx_hal_msp.o
 .debug_info    0x0000000000003d47      0x712 ./Core/Src/stm32l4xx_it.o
 .debug_info    0x0000000000004459      0x5c6 ./Core/Src/system_stm32l4xx.o
 .debug_info    0x0000000000004a1f       0x22 ./Core/Startup/startup_stm32l476vgtx.o
 .debug_info    0x0000000000004a41      0xc57 ./Drivers/STM32L4xx_HAL_Driver/Src/stm32l4xx_hal.o
 .debug_info    0x0000000000005698      0xe21 ./Drivers/STM32L4xx_HAL_Driver/Src/stm32l4xx_hal_cortex.o
 .debug_info    0x00000000000064b9      0x821 ./Drivers/STM32L4xx_HAL_Driver/Src/stm32l4xx_hal_gpio.o
 .debug_info    0x0000000000006cda     0x2232 ./Drivers/STM32L4xx_HAL_Driver/Src/stm32l4xx_hal_i2c.o
 .debug_info    0x0000000000008f0c      0xa45 ./Drivers/STM32L4xx_HAL_Driver/Src/stm32l4xx_hal_i2c_ex.o
 .debug_info    0x0000000000009951      0x9f0 ./Drivers/STM32L4xx_HAL_Driver/Src/stm32l4xx_hal_pwr_ex.o
 .debug_info    0x000000000000a341      0xced ./Drivers/STM32L4xx_HAL_Driver/Src/stm32l4xx_hal_rcc.o
 .debug_info    0x000000000000b02e      0xe92 ./Drivers/STM32L4xx_HAL_Driver/Src/stm32l4xx_hal_rcc_ex.o
 .debug_info    0x000000000000bec0      0xea7 ./Drivers/STM32L4xx_HAL_Driver/Src/stm32l4xx_hal_rtc.o
 .debug_info    0x000000000000cd67     0x1108 ./Drivers/STM32L4xx_HAL_Driver/Src/stm32l4xx_hal_rtc_ex.o

.debug_abbrev   0x0000000000000000     0x2243
 .debug_abbrev  0x0000000000000000      0x111 ./Core/Src/fonts.o
 .debug_abbrev  0x0000000000000111      0x394 ./Core/Src/main.o
 .debug_abbrev  0x00000000000004a5      0x303 ./Core/Src/ssd1306.o
 .debug_abbrev  0x00000000000007a8      0x1d2 ./Core/Src/stm32l4xx_hal_msp.o
 .debug_abbrev  0x000000000000097a      0x16a ./Core/Src/stm32l4xx_it.o
 .debug_abbrev  0x0000000000000ae4      0x116 ./Core/Src/system_stm32l4xx.o
 .debug_abbrev  0x0000000000000bfa       0x12 ./Core/Startup/startup_stm32l476vgtx.o
 .debug_abbrev  0x0000000000000c0c      0x23a ./Drivers/STM32L4xx_HAL_Driver/Src/stm32l4xx_hal.o
 .debug_abbrev  0x0000000000000e46      0x316 ./Drivers/STM32L4xx_HAL_Driver/Src/stm32l4xx_hal_cortex.o
 .debug_abbrev  0x000000000000115c      0x1bb ./Drivers/STM32L4xx_HAL_Driver/Src/stm32l4xx_hal_gpio.o
 .debug_abbrev  0x0000000000001317      0x243 ./Drivers/STM32L4xx_HAL_Driver/Src/stm32l4xx_hal_i2c.o
 .debug_abbrev  0x000000000000155a      0x1b0 ./Drivers/STM32L4xx_HAL_Driver/Src/stm32l4xx_hal_i2c_ex.o
 .debug_abbrev  0x000000000000170a      0x1f3 ./Drivers/STM32L4xx_HAL_Driver/Src/stm32l4xx_hal_pwr_ex.o
 .debug_abbrev  0x00000000000018fd      0x2bd ./Drivers/STM32L4xx_HAL_Driver/Src/stm32l4xx_hal_rcc.o
 .debug_abbrev  0x0000000000001bba      0x299 ./Drivers/STM32L4xx_HAL_Driver/Src/stm32l4xx_hal_rcc_ex.o
 .debug_abbrev  0x0000000000001e53      0x1f2 ./Drivers/STM32L4xx_HAL_Driver/Src/stm32l4xx_hal_rtc.o
 .debug_abbrev  0x0000000000002045      0x1fe ./Drivers/STM32L4xx_HAL_Driver/Src/stm32l4xx_hal_rtc_ex.o

.debug_aranges  0x0000000000000000      0xcd8
 .debug_aranges
                0x0000000000000000       0x20 ./Core/Src/fonts.o
 .debug_aranges
                0x0000000000000020       0x68 ./Core/Src/main.o
 .debug_aranges
                0x0000000000000088       0xf8 ./Core/Src/ssd1306.o
 .debug_aranges
                0x0000000000000180       0x40 ./Core/Src/stm32l4xx_hal_msp.o
 .debug_aranges
                0x00000000000001c0       0x68 ./Core/Src/stm32l4xx_it.o
 .debug_aranges
                0x0000000000000228       0x28 ./Core/Src/system_stm32l4xx.o
 .debug_aranges
                0x0000000000000250       0x28 ./Core/Startup/startup_stm32l476vgtx.o
 .debug_aranges
                0x0000000000000278      0x130 ./Drivers/STM32L4xx_HAL_Driver/Src/stm32l4xx_hal.o
 .debug_aranges
                0x00000000000003a8      0x118 ./Drivers/STM32L4xx_HAL_Driver/Src/stm32l4xx_hal_cortex.o
 .debug_aranges
                0x00000000000004c0       0x58 ./Drivers/STM32L4xx_HAL_Driver/Src/stm32l4xx_hal_gpio.o
 .debug_aranges
                0x0000000000000518      0x2a0 ./Drivers/STM32L4xx_HAL_Driver/Src/stm32l4xx_hal_i2c.o
 .debug_aranges
                0x00000000000007b8       0x48 ./Drivers/STM32L4xx_HAL_Driver/Src/stm32l4xx_hal_i2c_ex.o
 .debug_aranges
                0x0000000000000800      0x160 ./Drivers/STM32L4xx_HAL_Driver/Src/stm32l4xx_hal_pwr_ex.o
 .debug_aranges
                0x0000000000000960       0x90 ./Drivers/STM32L4xx_HAL_Driver/Src/stm32l4xx_hal_rcc.o
 .debug_aranges
                0x00000000000009f0       0xc0 ./Drivers/STM32L4xx_HAL_Driver/Src/stm32l4xx_hal_rcc_ex.o
 .debug_aranges
                0x0000000000000ab0       0xe8 ./Drivers/STM32L4xx_HAL_Driver/Src/stm32l4xx_hal_rtc.o
 .debug_aranges
                0x0000000000000b98      0x140 ./Drivers/STM32L4xx_HAL_Driver/Src/stm32l4xx_hal_rtc_ex.o

.debug_ranges   0x0000000000000000      0xbd0
 .debug_ranges  0x0000000000000000       0x10 ./Core/Src/fonts.o
 .debug_ranges  0x0000000000000010       0x58 ./Core/Src/main.o
 .debug_ranges  0x0000000000000068       0xe8 ./Core/Src/ssd1306.o
 .debug_ranges  0x0000000000000150       0x30 ./Core/Src/stm32l4xx_hal_msp.o
 .debug_ranges  0x0000000000000180       0x58 ./Core/Src/stm32l4xx_it.o
 .debug_ranges  0x00000000000001d8       0x18 ./Core/Src/system_stm32l4xx.o
 .debug_ranges  0x00000000000001f0       0x20 ./Core/Startup/startup_stm32l476vgtx.o
 .debug_ranges  0x0000000000000210      0x120 ./Drivers/STM32L4xx_HAL_Driver/Src/stm32l4xx_hal.o
 .debug_ranges  0x0000000000000330      0x108 ./Drivers/STM32L4xx_HAL_Driver/Src/stm32l4xx_hal_cortex.o
 .debug_ranges  0x0000000000000438       0x48 ./Drivers/STM32L4xx_HAL_Driver/Src/stm32l4xx_hal_gpio.o
 .debug_ranges  0x0000000000000480      0x290 ./Drivers/STM32L4xx_HAL_Driver/Src/stm32l4xx_hal_i2c.o
 .debug_ranges  0x0000000000000710       0x38 ./Drivers/STM32L4xx_HAL_Driver/Src/stm32l4xx_hal_i2c_ex.o
 .debug_ranges  0x0000000000000748      0x150 ./Drivers/STM32L4xx_HAL_Driver/Src/stm32l4xx_hal_pwr_ex.o
 .debug_ranges  0x0000000000000898       0x80 ./Drivers/STM32L4xx_HAL_Driver/Src/stm32l4xx_hal_rcc.o
 .debug_ranges  0x0000000000000918       0xb0 ./Drivers/STM32L4xx_HAL_Driver/Src/stm32l4xx_hal_rcc_ex.o
 .debug_ranges  0x00000000000009c8       0xd8 ./Drivers/STM32L4xx_HAL_Driver/Src/stm32l4xx_hal_rtc.o
 .debug_ranges  0x0000000000000aa0      0x130 ./Drivers/STM32L4xx_HAL_Driver/Src/stm32l4xx_hal_rtc_ex.o

.debug_macro    0x0000000000000000    0x26798
 .debug_macro   0x0000000000000000      0x2a2 ./Core/Src/fonts.o
 .debug_macro   0x00000000000002a2      0xa78 ./Core/Src/fonts.o
 .debug_macro   0x0000000000000d1a      0x1a7 ./Core/Src/fonts.o
 .debug_macro   0x0000000000000ec1       0x2e ./Core/Src/fonts.o
 .debug_macro   0x0000000000000eef       0x28 ./Core/Src/fonts.o
 .debug_macro   0x0000000000000f17       0x22 ./Core/Src/fonts.o
 .debug_macro   0x0000000000000f39       0x8e ./Core/Src/fonts.o
 .debug_macro   0x0000000000000fc7       0x51 ./Core/Src/fonts.o
 .debug_macro   0x0000000000001018      0x103 ./Core/Src/fonts.o
 .debug_macro   0x000000000000111b       0x6a ./Core/Src/fonts.o
 .debug_macro   0x0000000000001185      0x1df ./Core/Src/fonts.o
 .debug_macro   0x0000000000001364       0x1c ./Core/Src/fonts.o
 .debug_macro   0x0000000000001380       0x22 ./Core/Src/fonts.o
 .debug_macro   0x00000000000013a2       0xfb ./Core/Src/fonts.o
 .debug_macro   0x000000000000149d     0x1011 ./Core/Src/fonts.o
 .debug_macro   0x00000000000024ae      0x11f ./Core/Src/fonts.o
 .debug_macro   0x00000000000025cd    0x1a17a ./Core/Src/fonts.o
 .debug_macro   0x000000000001c747       0x6d ./Core/Src/fonts.o
 .debug_macro   0x000000000001c7b4     0x38e6 ./Core/Src/fonts.o
 .debug_macro   0x000000000002009a      0x174 ./Core/Src/fonts.o
 .debug_macro   0x000000000002020e       0x5c ./Core/Src/fonts.o
 .debug_macro   0x000000000002026a     0x159e ./Core/Src/fonts.o
 .debug_macro   0x0000000000021808      0x5a5 ./Core/Src/fonts.o
 .debug_macro   0x0000000000021dad      0x1b9 ./Core/Src/fonts.o
 .debug_macro   0x0000000000021f66      0x18b ./Core/Src/fonts.o
 .debug_macro   0x00000000000220f1      0x26b ./Core/Src/fonts.o
 .debug_macro   0x000000000002235c      0x23d ./Core/Src/fonts.o
 .debug_macro   0x0000000000022599      0x241 ./Core/Src/fonts.o
 .debug_macro   0x00000000000227da      0x37c ./Core/Src/fonts.o
 .debug_macro   0x0000000000022b56       0xd6 ./Core/Src/fonts.o
 .debug_macro   0x0000000000022c2c      0x22c ./Core/Src/fonts.o
 .debug_macro   0x0000000000022e58       0x61 ./Core/Src/fonts.o
 .debug_macro   0x0000000000022eb9       0xa5 ./Core/Src/fonts.o
 .debug_macro   0x0000000000022f5e      0x122 ./Core/Src/fonts.o
 .debug_macro   0x0000000000023080      0x3ef ./Core/Src/fonts.o
 .debug_macro   0x000000000002346f      0x31a ./Core/Src/fonts.o
 .debug_macro   0x0000000000023789      0x4fb ./Core/Src/fonts.o
 .debug_macro   0x0000000000023c84       0xe4 ./Core/Src/fonts.o
 .debug_macro   0x0000000000023d68      0x330 ./Core/Src/fonts.o
 .debug_macro   0x0000000000024098       0x52 ./Core/Src/fonts.o
 .debug_macro   0x00000000000240ea       0x1e ./Core/Src/fonts.o
 .debug_macro   0x0000000000024108       0x3c ./Core/Src/fonts.o
 .debug_macro   0x0000000000024144       0x34 ./Core/Src/fonts.o
 .debug_macro   0x0000000000024178       0x16 ./Core/Src/fonts.o
 .debug_macro   0x000000000002418e       0x43 ./Core/Src/fonts.o
 .debug_macro   0x00000000000241d1       0x34 ./Core/Src/fonts.o
 .debug_macro   0x0000000000024205       0x10 ./Core/Src/fonts.o
 .debug_macro   0x0000000000024215       0x58 ./Core/Src/fonts.o
 .debug_macro   0x000000000002426d       0x71 ./Core/Src/fonts.o
 .debug_macro   0x00000000000242de       0x1c ./Core/Src/fonts.o
 .debug_macro   0x00000000000242fa      0x12a ./Core/Src/fonts.o
 .debug_macro   0x0000000000024424      0x341 ./Core/Src/fonts.o
 .debug_macro   0x0000000000024765       0x10 ./Core/Src/fonts.o
 .debug_macro   0x0000000000024775       0x35 ./Core/Src/fonts.o
 .debug_macro   0x00000000000247aa       0x20 ./Core/Src/fonts.o
 .debug_macro   0x00000000000247ca      0x311 ./Core/Src/main.o
 .debug_macro   0x0000000000024adb       0x16 ./Core/Src/main.o
 .debug_macro   0x0000000000024af1       0x16 ./Core/Src/main.o
 .debug_macro   0x0000000000024b07       0x29 ./Core/Src/main.o
 .debug_macro   0x0000000000024b30       0x1d ./Core/Src/main.o
 .debug_macro   0x0000000000024b4d      0x32d ./Core/Src/ssd1306.o
 .debug_macro   0x0000000000024e7a      0x1d4 ./Core/Src/stm32l4xx_hal_msp.o
 .debug_macro   0x000000000002504e      0x1de ./Core/Src/stm32l4xx_it.o
 .debug_macro   0x000000000002522c      0x1ca ./Core/Src/system_stm32l4xx.o
 .debug_macro   0x00000000000253f6      0x218 ./Drivers/STM32L4xx_HAL_Driver/Src/stm32l4xx_hal.o
 .debug_macro   0x000000000002560e      0x1ca ./Drivers/STM32L4xx_HAL_Driver/Src/stm32l4xx_hal_cortex.o
 .debug_macro   0x00000000000257d8      0x1d1 ./Drivers/STM32L4xx_HAL_Driver/Src/stm32l4xx_hal_gpio.o
 .debug_macro   0x00000000000259a9      0x296 ./Drivers/STM32L4xx_HAL_Driver/Src/stm32l4xx_hal_i2c.o
 .debug_macro   0x0000000000025c3f      0x1ca ./Drivers/STM32L4xx_HAL_Driver/Src/stm32l4xx_hal_i2c_ex.o
 .debug_macro   0x0000000000025e09      0x1ee ./Drivers/STM32L4xx_HAL_Driver/Src/stm32l4xx_hal_pwr_ex.o
 .debug_macro   0x0000000000025ff7      0x20c ./Drivers/STM32L4xx_HAL_Driver/Src/stm32l4xx_hal_rcc.o
 .debug_macro   0x0000000000026203      0x200 ./Drivers/STM32L4xx_HAL_Driver/Src/stm32l4xx_hal_rcc_ex.o
 .debug_macro   0x0000000000026403      0x1cb ./Drivers/STM32L4xx_HAL_Driver/Src/stm32l4xx_hal_rtc.o
 .debug_macro   0x00000000000265ce      0x1ca ./Drivers/STM32L4xx_HAL_Driver/Src/stm32l4xx_hal_rtc_ex.o

.debug_line     0x0000000000000000     0xf05f
 .debug_line    0x0000000000000000      0x81e ./Core/Src/fonts.o
 .debug_line    0x000000000000081e      0xb36 ./Core/Src/main.o
 .debug_line    0x0000000000001354      0xff2 ./Core/Src/ssd1306.o
 .debug_line    0x0000000000002346      0x780 ./Core/Src/stm32l4xx_hal_msp.o
 .debug_line    0x0000000000002ac6      0x795 ./Core/Src/stm32l4xx_it.o
 .debug_line    0x000000000000325b      0x752 ./Core/Src/system_stm32l4xx.o
 .debug_line    0x00000000000039ad       0x88 ./Core/Startup/startup_stm32l476vgtx.o
 .debug_line    0x0000000000003a35      0xaab ./Drivers/STM32L4xx_HAL_Driver/Src/stm32l4xx_hal.o
 .debug_line    0x00000000000044e0      0xc51 ./Drivers/STM32L4xx_HAL_Driver/Src/stm32l4xx_hal_cortex.o
 .debug_line    0x0000000000005131      0xb1e ./Drivers/STM32L4xx_HAL_Driver/Src/stm32l4xx_hal_gpio.o
 .debug_line    0x0000000000005c4f     0x363c ./Drivers/STM32L4xx_HAL_Driver/Src/stm32l4xx_hal_i2c.o
 .debug_line    0x000000000000928b      0x8d8 ./Drivers/STM32L4xx_HAL_Driver/Src/stm32l4xx_hal_i2c_ex.o
 .debug_line    0x0000000000009b63      0xca2 ./Drivers/STM32L4xx_HAL_Driver/Src/stm32l4xx_hal_pwr_ex.o
 .debug_line    0x000000000000a805      0xf24 ./Drivers/STM32L4xx_HAL_Driver/Src/stm32l4xx_hal_rcc.o
 .debug_line    0x000000000000b729     0x1463 ./Drivers/STM32L4xx_HAL_Driver/Src/stm32l4xx_hal_rcc_ex.o
 .debug_line    0x000000000000cb8c     0x10be ./Drivers/STM32L4xx_HAL_Driver/Src/stm32l4xx_hal_rtc.o
 .debug_line    0x000000000000dc4a     0x1415 ./Drivers/STM32L4xx_HAL_Driver/Src/stm32l4xx_hal_rtc_ex.o

.debug_str      0x0000000000000000    0xeb3cc
 .debug_str     0x0000000000000000    0xe6983 ./Core/Src/fonts.o
                                      0xe6c46 (size before relaxing)
 .debug_str     0x00000000000e6983      0xe9c ./Core/Src/main.o
                                      0xe7b40 (size before relaxing)
 .debug_str     0x00000000000e781f      0x436 ./Core/Src/ssd1306.o
                                      0xe774d (size before relaxing)
 .debug_str     0x00000000000e7c55      0x7f9 ./Core/Src/stm32l4xx_hal_msp.o
                                      0xe4e8c (size before relaxing)
 .debug_str     0x00000000000e844e       0xf2 ./Core/Src/stm32l4xx_it.o
                                      0xe4328 (size before relaxing)
 .debug_str     0x00000000000e8540       0xf2 ./Core/Src/system_stm32l4xx.o
                                      0xe3f85 (size before relaxing)
 .debug_str     0x00000000000e8632       0x56 ./Core/Startup/startup_stm32l476vgtx.o
 .debug_str     0x00000000000e8688      0x6a7 ./Drivers/STM32L4xx_HAL_Driver/Src/stm32l4xx_hal.o
                                      0xe4b7c (size before relaxing)
 .debug_str     0x00000000000e8d2f      0x318 ./Drivers/STM32L4xx_HAL_Driver/Src/stm32l4xx_hal_cortex.o
                                      0xe47c4 (size before relaxing)
 .debug_str     0x00000000000e9047      0x164 ./Drivers/STM32L4xx_HAL_Driver/Src/stm32l4xx_hal_gpio.o
                                      0xe40f6 (size before relaxing)
 .debug_str     0x00000000000e91ab      0xd9b ./Drivers/STM32L4xx_HAL_Driver/Src/stm32l4xx_hal_i2c.o
                                      0xe5181 (size before relaxing)
 .debug_str     0x00000000000e9f46       0xb8 ./Drivers/STM32L4xx_HAL_Driver/Src/stm32l4xx_hal_i2c_ex.o
                                      0xe44b4 (size before relaxing)
 .debug_str     0x00000000000e9ffe      0x4e3 ./Drivers/STM32L4xx_HAL_Driver/Src/stm32l4xx_hal_pwr_ex.o
                                      0xe44d8 (size before relaxing)
 .debug_str     0x00000000000ea4e1      0x33a ./Drivers/STM32L4xx_HAL_Driver/Src/stm32l4xx_hal_rcc.o
                                      0xe45c3 (size before relaxing)
 .debug_str     0x00000000000ea81b      0x3bf ./Drivers/STM32L4xx_HAL_Driver/Src/stm32l4xx_hal_rcc_ex.o
                                      0xe473c (size before relaxing)
 .debug_str     0x00000000000eabda      0x279 ./Drivers/STM32L4xx_HAL_Driver/Src/stm32l4xx_hal_rtc.o
                                      0xe4408 (size before relaxing)
 .debug_str     0x00000000000eae53      0x579 ./Drivers/STM32L4xx_HAL_Driver/Src/stm32l4xx_hal_rtc_ex.o
                                      0xe4723 (size before relaxing)

.comment        0x0000000000000000       0x50
 .comment       0x0000000000000000       0x50 ./Core/Src/fonts.o
                                         0x51 (size before relaxing)
 .comment       0x0000000000000050       0x51 ./Core/Src/main.o
 .comment       0x0000000000000050       0x51 ./Core/Src/ssd1306.o
 .comment       0x0000000000000050       0x51 ./Core/Src/stm32l4xx_hal_msp.o
 .comment       0x0000000000000050       0x51 ./Core/Src/stm32l4xx_it.o
 .comment       0x0000000000000050       0x51 ./Core/Src/system_stm32l4xx.o
 .comment       0x0000000000000050       0x51 ./Drivers/STM32L4xx_HAL_Driver/Src/stm32l4xx_hal.o
 .comment       0x0000000000000050       0x51 ./Drivers/STM32L4xx_HAL_Driver/Src/stm32l4xx_hal_cortex.o
 .comment       0x0000000000000050       0x51 ./Drivers/STM32L4xx_HAL_Driver/Src/stm32l4xx_hal_gpio.o
 .comment       0x0000000000000050       0x51 ./Drivers/STM32L4xx_HAL_Driver/Src/stm32l4xx_hal_i2c.o
 .comment       0x0000000000000050       0x51 ./Drivers/STM32L4xx_HAL_Driver/Src/stm32l4xx_hal_i2c_ex.o
 .comment       0x0000000000000050       0x51 ./Drivers/STM32L4xx_HAL_Driver/Src/stm32l4xx_hal_pwr_ex.o
 .comment       0x0000000000000050       0x51 ./Drivers/STM32L4xx_HAL_Driver/Src/stm32l4xx_hal_rcc.o
 .comment       0x0000000000000050       0x51 ./Drivers/STM32L4xx_HAL_Driver/Src/stm32l4xx_hal_rcc_ex.o
 .comment       0x0000000000000050       0x51 ./Drivers/STM32L4xx_HAL_Driver/Src/stm32l4xx_hal_rtc.o
 .comment       0x0000000000000050       0x51 ./Drivers/STM32L4xx_HAL_Driver/Src/stm32l4xx_hal_rtc_ex.o

.debug_frame    0x0000000000000000     0x340c
 .debug_frame   0x0000000000000000       0x38 ./Core/Src/fonts.o
 .debug_frame   0x0000000000000038      0x150 ./Core/Src/main.o
 .debug_frame   0x0000000000000188      0x414 ./Core/Src/ssd1306.o
 .debug_frame   0x000000000000059c       0xd0 ./Core/Src/stm32l4xx_hal_msp.o
 .debug_frame   0x000000000000066c      0x120 ./Core/Src/stm32l4xx_it.o
 .debug_frame   0x000000000000078c       0x58 ./Core/Src/system_stm32l4xx.o
 .debug_frame   0x00000000000007e4      0x498 ./Drivers/STM32L4xx_HAL_Driver/Src/stm32l4xx_hal.o
 .debug_frame   0x0000000000000c7c      0x498 ./Drivers/STM32L4xx_HAL_Driver/Src/stm32l4xx_hal_cortex.o
 .debug_frame   0x0000000000001114      0x14c ./Drivers/STM32L4xx_HAL_Driver/Src/stm32l4xx_hal_gpio.o
 .debug_frame   0x0000000000001260      0xc38 ./Drivers/STM32L4xx_HAL_Driver/Src/stm32l4xx_hal_i2c.o
 .debug_frame   0x0000000000001e98      0x100 ./Drivers/STM32L4xx_HAL_Driver/Src/stm32l4xx_hal_i2c_ex.o
 .debug_frame   0x0000000000001f98      0x584 ./Drivers/STM32L4xx_HAL_Driver/Src/stm32l4xx_hal_pwr_ex.o
 .debug_frame   0x000000000000251c      0x21c ./Drivers/STM32L4xx_HAL_Driver/Src/stm32l4xx_hal_rcc.o
 .debug_frame   0x0000000000002738      0x2fc ./Drivers/STM32L4xx_HAL_Driver/Src/stm32l4xx_hal_rcc_ex.o
 .debug_frame   0x0000000000002a34      0x3f4 ./Drivers/STM32L4xx_HAL_Driver/Src/stm32l4xx_hal_rtc.o
 .debug_frame   0x0000000000002e28      0x598 ./Drivers/STM32L4xx_HAL_Driver/Src/stm32l4xx_hal_rtc_ex.o
 .debug_frame   0x00000000000033c0       0x2c c:/st/stm32cubeide_1.10.1/stm32cubeide/plugins/com.st.stm32cube.ide.mcu.externaltools.gnu-tools-for-stm32.10.3-2021.10.win32_1.0.0.202111181127/tools/bin/../lib/gcc/arm-none-eabi/10.3.1/../../../../arm-none-eabi/lib/thumb/v7e-m+fp/hard\libc_nano.a(lib_a-init.o)
 .debug_frame   0x00000000000033ec       0x20 c:/st/stm32cubeide_1.10.1/stm32cubeide/plugins/com.st.stm32cube.ide.mcu.externaltools.gnu-tools-for-stm32.10.3-2021.10.win32_1.0.0.202111181127/tools/bin/../lib/gcc/arm-none-eabi/10.3.1/../../../../arm-none-eabi/lib/thumb/v7e-m+fp/hard\libc_nano.a(lib_a-memset.o)
